{
  "FlashcardsDistributionC69D773C": {
    "Type": "AWS::CloudFront::Distribution",
    "Properties": {
      "DistributionConfig": {
        "DefaultCacheBehavior": {
          "CachePolicyId": "658327ea-f89d-4fab-a63d-7e88639e58f6",
          "Compress": true,
          "TargetOriginId": "FlashcardsInfraStackFlashcardsDistributionOrigin10F84AE57",
          "ViewerProtocolPolicy": "redirect-to-https"
        },
        "Enabled": true,
        "HttpVersion": "http2",
        "IPV6Enabled": true,
        "Origins": [
          {
            "DomainName": {
              "Fn::GetAtt": [
                "FlashcardsBucket3ACBD7C6",
                "RegionalDomainName"
              ]
            },
            "Id": "FlashcardsInfraStackFlashcardsDistributionOrigin10F84AE57",
            "S3OriginConfig": {
              "OriginAccessIdentity": {
                "Fn::Join": [
                  "",
                  [
                    "origin-access-identity/cloudfront/",
                    {
                      "Ref": "FlashCardsOriginAccessIdentity974EEF6A"
                    }
                  ]
                ]
              }
            }
          }
        ]
      }
    }
  }
}