{
  "FlashcardsVPCPublicSubnet1EIP8AA98670": {
    "Type": "AWS::EC2::EIP",
    "Properties": {
      "Domain": "vpc",
      "Tags": [
        {
          "Key": "Name",
          "Value": "FlashcardsInfraStack/FlashcardsVPC/PublicSubnet1"
        }
      ]
    }
  },
  "FlashcardsVPCPublicSubnet2EIPF58D8B7A": {
    "Type": "AWS::EC2::EIP",
    "Properties": {
      "Domain": "vpc",
      "Tags": [
        {
          "Key": "Name",
          "Value": "FlashcardsInfraStack/FlashcardsVPC/PublicSubnet2"
        }
      ]
    }
  }
}