{
  "FlashcardsVPCIGWF6B9AEF5": {
    "Type": "AWS::EC2::InternetGateway",
    "Properties": {
      "Tags": [
        {
          "Key": "Name",
          "Value": "FlashcardsVPC"
        }
      ]
    }
  }
}