{
  "FlashcardsProdAliasinvokefunctionurlCE183D42": {
    "Type": "AWS::Lambda::Permission",
    "Properties": {
      "Action": "lambda:InvokeFunctionUrl",
      "FunctionName": {
        "Ref": "FlashcardsProdAliasB8A9679F"
      },
      "FunctionUrlAuthType": "NONE",
      "Principal": "*"
    }
  }
}