{
  "FlashcardsDatabaseSecretAttachmentABE48200": {
    "Type": "AWS::SecretsManager::SecretTargetAttachment",
    "Properties": {
      "SecretId": {
        "Ref": "FlashcardsDatabaseSecretD7477562"
      },
      "TargetId": {
        "Ref": "FlashcardsDatabase828C0B26"
      },
      "TargetType": "AWS::RDS::DBInstance"
    }
  }
}