{
  "FlashcardsDatabaseSecretD7477562": {
    "Type": "AWS::SecretsManager::Secret",
    "Properties": {
      "Description": {
        "Fn::Join": [
          "",
          [
            "Generated by the CDK for stack: ",
            {
              "Ref": "AWS::StackName"
            }
          ]
        ]
      },
      "GenerateSecretString": {
        "ExcludeCharacters": " %+~`#$&*()|[]{}:;<>?!'/@\"\\",
        "GenerateStringKey": "password",
        "PasswordLength": 30,
        "SecretStringTemplate": "{\"username\":\"postgres\"}"
      },
      "Name": "FlashcardsDatabaseSecret"
    },
    "UpdateReplacePolicy": "Delete",
    "DeletionPolicy": "Delete"
  }
}